Note: Unnecessary use of -X or --request, POST is already inferred.
  % Total    % Received % Xferd  Average Speed   Time    Time     Time  Current
                                 Dload  Upload   Total   Spent    Left  Speed
  0     0    0     0    0     0      0      0 --:--:-- --:--:-- --:--:--     0* Host app.xpacy.com:443 was resolved.
* IPv6: (none)
* IPv4: 69.57.162.12
*   Trying 69.57.162.12:443...
* Connected to app.xpacy.com (69.57.162.12) port 443
* ALPN: curl offers h2,http/1.1
* (304) (OUT), TLS handshake, Client hello (1):
} [318 bytes data]
*  CAfile: /etc/ssl/cert.pem
*  CApath: none
* (304) (IN), TLS handshake, Server hello (2):
{ [122 bytes data]
* (304) (IN), TLS handshake, Unknown (8):
{ [19 bytes data]
* (304) (IN), TLS handshake, Certificate (11):
{ [5018 bytes data]
* (304) (IN), TLS handshake, CERT verify (15):
{ [264 bytes data]
* (304) (IN), TLS handshake, Finished (20):
{ [36 bytes data]
* (304) (OUT), TLS handshake, Finished (20):
} [36 bytes data]
* SSL connection using TLSv1.3 / AEAD-CHACHA20-POLY1305-SHA256 / [blank] / UNDEF
* ALPN: server accepted h2
* Server certificate:
*  subject: CN=app.xpacy.com
*  start date: Jan 11 00:00:00 2026 GMT
*  expire date: Jan 11 23:59:59 2027 GMT
*  subjectAltName: host "app.xpacy.com" matched cert's "app.xpacy.com"
*  issuer: C=GB; O=Sectigo Limited; CN=Sectigo Public Server Authentication CA DV R36
*  SSL certificate verify ok.
* using HTTP/2
* [HTTP/2] [1] OPENED stream for https://app.xpacy.com/property-owner/login
* [HTTP/2] [1] [:method: POST]
* [HTTP/2] [1] [:scheme: https]
* [HTTP/2] [1] [:authority: app.xpacy.com]
* [HTTP/2] [1] [:path: /property-owner/login]
* [HTTP/2] [1] [user-agent: curl/8.7.1]
* [HTTP/2] [1] [accept: */*]
* [HTTP/2] [1] [content-type: application/json]
* [HTTP/2] [1] [content-length: 65]
> POST /property-owner/login HTTP/2
> Host: app.xpacy.com
> User-Agent: curl/8.7.1
> Accept: */*
> Content-Type: application/json
> Content-Length: 65
> 
} [65 bytes data]
* upload completely sent off: 65 bytes
< HTTP/2 500 
< x-powered-by: Express
< vary: Origin,User-Agent
< access-control-allow-credentials: true
< content-type: application/json; charset=utf-8
< etag: W/"5f-yvA+qvGxxxryfJLUSObMzjo6j48"
< content-length: 95
< date: Sat, 14 Feb 2026 15:46:57 GMT
< server: LiteSpeed
< x-turbo-charged-by: LiteSpeed
< 
{ [95 bytes data]
100   160  100    95  100    65    102     70 --:--:-- --:--:-- --:--:--   173100   160  100    95  100    65    102     70 --:--:-- --:--:-- --:--:--   173
* Connection #0 to host app.xpacy.com left intact
